2026-01-20 14:58:55.481 [INFO] [TRACER] Tracing enabled, writing to: ./erpl_web_trace.log
2026-01-20 14:58:55.482 [INFO] [TRACER] Trace level set to: DEBUG
2026-01-20 14:59:00.736 [DEBUG] [SECRET_BEARER] Creating HTTP Bearer token secret
2026-01-20 14:59:00.736 [DEBUG] [SECRET_BEARER] Using default scope: https://
2026-01-20 14:59:00.736 [DEBUG] [SECRET_BEARER] Set token parameter
2026-01-20 14:59:00.736 [INFO] [SECRET_BEARER] Successfully created HTTP Bearer token secret
2026-01-20 14:59:35.295 [DEBUG] [SECRET_BEARER] Creating HTTP Bearer token secret
2026-01-20 14:59:35.295 [DEBUG] [SECRET_BEARER] Using custom scope with 1 entries
2026-01-20 14:59:35.295 [DEBUG] [SECRET_BEARER] Set token parameter
2026-01-20 14:59:35.295 [INFO] [SECRET_BEARER] Successfully created HTTP Bearer token secret
2026-01-20 14:59:37.186 [DEBUG] [HTTP_AUTH] Found http_bearer secret for URL: http://localhost:4444/odata/ADMIN/app
2026-01-20 14:59:37.186 [INFO] [ODATA_BIND] Binding OData read function for URL: http://localhost:4444/odata/ADMIN/app
2026-01-20 14:59:37.186 [DEBUG] [ODATA_FACTORY] Probing URL: http://localhost:4444/odata/ADMIN/app
2026-01-20 14:59:37.186 [INFO] [HTTP_REQUEST_REPRO] Reproduce with: SELECT * FROM http_get('http://localhost:4444/odata/ADMIN/app?$format=json', headers := MAP{'Authorization': 'Bearer eyJhbGciOiJIUzI1NiJ9.eyJpc3MiOiJodHRwOi8vbG9jYWxob3N0OjQ0NDQiLCJzdWIiOiJ7XCJhY3RpdmVcIjp0cnVlLFwiZXhjbHVkZWRcIjpmYWxzZSxcImZpcnN0X25hbWVcIjpcIlN1cGVyXCIsXCJsYW5nX2lkXCI6MSxcImxhc3RfbmFtZVwiOlwiQWRtaW5cIixcInJvbGVfaWRcIjoxLFwidXNlcl9pZFwiOjEsXCJ1c2VybmFtZVwiOlwicm9vdFwifSIsImF1ZCI6WyJodHRwOi8vbG9jYWxob3N0OjQ0NDQiXSwiZXhwIjoxNzc0MDg0NzU1LjgzMzE4OTcsIm5iZiI6MTc2ODkwMDc1NS44MzMxOTA3LCJpYXQiOjE3Njg5MDA3NTUuODMzMTkwMn0.nKV-u4pSDHrsDNaaPkCnfXSs8jOtofXSggQ-MS5CtQA'}, url_encode := false);
2026-01-20 14:59:37.186 [INFO] [HTTP_REQUEST] Executing GET request to: /odata/ADMIN/app?$format=json
2026-01-20 14:59:37.186 [DEBUG] [HTTP_REQUEST] Request headers:
2026-01-20 14:59:37.186 [DEBUG] [HTTP_REQUEST]   Authorization: Bearer eyJhbGciOiJIUzI1NiJ9.eyJpc3MiOiJodHRwOi8vbG9jYWxob3N0OjQ0NDQiLCJzdWIiOiJ7XCJhY3RpdmVcIjp0cnVlLFwiZXhjbHVkZWRcIjpmYWxzZSxcImZpcnN0X25hbWVcIjpcIlN1cGVyXCIsXCJsYW5nX2lkXCI6MSxcImxhc3RfbmFtZVwiOlwiQWRtaW5cIixcInJvbGVfaWRcIjoxLFwidXNlcl9pZFwiOjEsXCJ1c2VybmFtZVwiOlwicm9vdFwifSIsImF1ZCI6WyJodHRwOi8vbG9jYWxob3N0OjQ0NDQiXSwiZXhwIjoxNzc0MDg0NzU1LjgzMzE4OTcsIm5iZiI6MTc2ODkwMDc1NS44MzMxOTA3LCJpYXQiOjE3Njg5MDA3NTUuODMzMTkwMn0.nKV-u4pSDHrsDNaaPkCnfXSs8jOtofXSggQ-MS5CtQA
2026-01-20 14:59:37.203 [INFO] [HTTP_RESPONSE] Response status: 200
2026-01-20 14:59:37.203 [DEBUG] [HTTP_RESPONSE] Response headers:
2026-01-20 14:59:37.203 [DEBUG] [HTTP_RESPONSE]   Access-Control-Allow-Headers: Content-Type, Authorization, enctype
2026-01-20 14:59:37.203 [DEBUG] [HTTP_RESPONSE]   Access-Control-Allow-Methods: GET, POST, PUT, DELETE, OPTIONS
2026-01-20 14:59:37.203 [DEBUG] [HTTP_RESPONSE]   Access-Control-Allow-Origin: *
2026-01-20 14:59:37.203 [DEBUG] [HTTP_RESPONSE]   Content-Length: 868
2026-01-20 14:59:37.204 [DEBUG] [HTTP_RESPONSE]   Content-Type: application/json
2026-01-20 14:59:37.204 [DEBUG] [HTTP_RESPONSE]   Date: Tue, 20 Jan 2026 15:59:37 GMT
2026-01-20 14:59:37.204 [DEBUG] [HTTP_RESPONSE]   Vary: Authorization
2026-01-20 14:59:37.204 [DEBUG] [HTTP_RESPONSE] Response body (868 bytes)
2026-01-20 14:59:37.204 [DEBUG] [HTTP_RESPONSE] Response body: {"@odata.context":"http://localhost:4444/odata/ADMIN/app","@odata.count":3,"value":[{"app":"ADMIN","app_desc":"Admin","app_id":1,"attach_logo":null,"config":"{}","created_at":"2025-11-05T18:55:00.130747Z","db":"ADMIN","email":null,"excluded":false,"updated_at":"2025-11-05T18:55:00.130747Z","user_id":1,"username":"root","version":"1.0.0"},{"app":"ETLX","app_desc":"ETLX UI in CS","app_id":2,"attach_logo":null,"config":null,"created_at":"2025-11-05T19:01:54.055156Z","db":"ETLX","email":null,"excluded":false,"updated_at":"2025-11-05T19:01:54.055156Z","user_id":1,"username":"root","version":"1.0.0"},{"app":"SAAS","app_desc":"CS SASS Backend","app_id":3,"attach_logo":null,"config":null,"created_at":"2026-01-10T18:53:52.783348Z","db":"SAAS","email":null,"excluded":false,"updated_at":"2026-01-10T18:53:52.783348Z","user_id":1,"username":"root","version":"1.0.0"}]}

2026-01-20 14:59:37.204 [DEBUG] [CHARSET_CONVERTER] No charset specified, defaulting to UTF-8 converter
2026-01-20 14:59:37.204 [DEBUG] [CHARSET_CONVERTER] Creating charset converter for content type: application/json
2026-01-20 14:59:37.204 [DEBUG] [CHARSET_CONVERTER] Charset converter initialized with charset: utf-8
2026-01-20 14:59:37.204 [DEBUG] [CHARSET_CONVERTER] Converting 868 bytes using charset: utf-8
2026-01-20 14:59:37.204 [DEBUG] [CHARSET_CONVERTER] Converting from bytes using charset: utf-8
2026-01-20 14:59:37.204 [DEBUG] [CHARSET_CONVERTER] Using default UTF-8 conversion
2026-01-20 14:59:37.204 [DEBUG] [CHARSET_CONVERTER] Using UTF-8 converter for output
2026-01-20 14:59:37.204 [DEBUG] [DETECT_VERSION] Starting OData version detection
2026-01-20 14:59:37.204 [DEBUG] [DETECT_VERSION] Found 'value' array, detecting as V4
2026-01-20 14:59:37.204 [INFO] [ODATA_FACTORY] Probe result - Version: 2, IsServiceRoot: false
2026-01-20 14:59:37.204 [INFO] [ODATA_FACTORY] Content preview: {"@odata.context":"http://localhost:4444/odata/ADMIN/app","@odata.count":3,"value":[{"app":"ADMIN","app_desc":"Admin","app_id":1,"attach_logo":null,"config":"{}","created_at":"2025-11-05T18:55:00.1307...
2026-01-20 14:59:37.204 [INFO] [ODATA_READ_BIND] Creating bind data from probe result - is_service_root: false
2026-01-20 14:59:37.204 [INFO] [ODATA_READ_BIND] Taking entity set path
2026-01-20 14:59:37.204 [DEBUG] [ODATA_FACTORY] Creating ODataEntitySetClient
2026-01-20 14:59:37.204 [DEBUG] [ODATA_READ_BIND] Creating bind data from entity set client
2026-01-20 14:59:37.204 [DEBUG] [ODATA_READ_BIND] Parsing OData v4 response format
2026-01-20 14:59:37.204 [DEBUG] [ODATA_READ_BIND] Found 'value' array in OData v4 response
2026-01-20 14:59:37.204 [DEBUG] [ODATA_READ_BIND] Found first row object in OData v4 response
2026-01-20 14:59:37.204 [WARN] [ODATA_READ_BIND] Could not find 'd' object in OData v2 response
2026-01-20 14:59:37.204 [DEBUG] [ODATA_READ_BIND] Stored 0 extracted column names
2026-01-20 14:59:37.204 [INFO] [ODATA_READ_BIND] GetResultNames called - service_root_mode: false
2026-01-20 14:59:37.204 [INFO] [ODATA_READ_BIND] Calling odata_client->GetResultNames() for metadata
2026-01-20 14:59:37.204 [INFO] [ODATA_CLIENT] Resolved metadata URL: http://localhost:4444/odata/ADMIN/$metadata
2026-01-20 14:59:37.204 [DEBUG] [ODATA_CLIENT] OData Metadata HTTP Request:
  URL: http://localhost:4444/odata/ADMIN/$metadata
  Method: GET
  Headers:
    Connection: close
    Authorization: Bearer eyJhbGciOiJIUzI1NiJ9.eyJpc3MiOiJodHRwOi8vbG9jYWxob3N0OjQ0NDQiLCJzdWIiOiJ7XCJhY3RpdmVcIjp0cnVlLFwiZXhjbHVkZWRcIjpmYWxzZSxcImZpcnN0X25hbWVcIjpcIlN1cGVyXCIsXCJsYW5nX2lkXCI6MSxcImxhc3RfbmFtZVwiOlwiQWRtaW5cIixcInJvbGVfaWRcIjoxLFwidXNlcl9pZFwiOjEsXCJ1c2VybmFtZVwiOlwicm9vdFwifSIsImF1ZCI6WyJodHRwOi8vbG9jYWxob3N0OjQ0NDQiXSwiZXhwIjoxNzc0MDg0NzU1LjgzMzE4OTcsIm5iZiI6MTc2ODkwMDc1NS44MzMxOTA3LCJpYXQiOjE3Njg5MDA3NTUuODMzMTkwMn0.nKV-u4pSDHrsDNaaPkCnfXSs8jOtofXSggQ-MS5CtQA
    Accept: application/xml
2026-01-20 14:59:37.204 [DEBUG] [ODATA_CLIENT] Metadata request attempt 1 of 3
2026-01-20 14:59:37.204 [INFO] [HTTP_REQUEST_REPRO] Reproduce with: SELECT * FROM http_get('http://localhost:4444/odata/ADMIN/$metadata', headers := MAP{'Accept': 'application/xml', 'Authorization': 'Bearer eyJhbGciOiJIUzI1NiJ9.eyJpc3MiOiJodHRwOi8vbG9jYWxob3N0OjQ0NDQiLCJzdWIiOiJ7XCJhY3RpdmVcIjp0cnVlLFwiZXhjbHVkZWRcIjpmYWxzZSxcImZpcnN0X25hbWVcIjpcIlN1cGVyXCIsXCJsYW5nX2lkXCI6MSxcImxhc3RfbmFtZVwiOlwiQWRtaW5cIixcInJvbGVfaWRcIjoxLFwidXNlcl9pZFwiOjEsXCJ1c2VybmFtZVwiOlwicm9vdFwifSIsImF1ZCI6WyJodHRwOi8vbG9jYWxob3N0OjQ0NDQiXSwiZXhwIjoxNzc0MDg0NzU1LjgzMzE4OTcsIm5iZiI6MTc2ODkwMDc1NS44MzMxOTA3LCJpYXQiOjE3Njg5MDA3NTUuODMzMTkwMn0.nKV-u4pSDHrsDNaaPkCnfXSs8jOtofXSggQ-MS5CtQA', 'Connection': 'close'}, url_encode := false);
2026-01-20 14:59:37.204 [INFO] [HTTP_REQUEST] Executing GET request to: /odata/ADMIN/$metadata
2026-01-20 14:59:37.204 [DEBUG] [HTTP_REQUEST] Request headers:
2026-01-20 14:59:37.204 [DEBUG] [HTTP_REQUEST]   Accept: application/xml
2026-01-20 14:59:37.204 [DEBUG] [HTTP_REQUEST]   Authorization: Bearer eyJhbGciOiJIUzI1NiJ9.eyJpc3MiOiJodHRwOi8vbG9jYWxob3N0OjQ0NDQiLCJzdWIiOiJ7XCJhY3RpdmVcIjp0cnVlLFwiZXhjbHVkZWRcIjpmYWxzZSxcImZpcnN0X25hbWVcIjpcIlN1cGVyXCIsXCJsYW5nX2lkXCI6MSxcImxhc3RfbmFtZVwiOlwiQWRtaW5cIixcInJvbGVfaWRcIjoxLFwidXNlcl9pZFwiOjEsXCJ1c2VybmFtZVwiOlwicm9vdFwifSIsImF1ZCI6WyJodHRwOi8vbG9jYWxob3N0OjQ0NDQiXSwiZXhwIjoxNzc0MDg0NzU1LjgzMzE4OTcsIm5iZiI6MTc2ODkwMDc1NS44MzMxOTA3LCJpYXQiOjE3Njg5MDA3NTUuODMzMTkwMn0.nKV-u4pSDHrsDNaaPkCnfXSs8jOtofXSggQ-MS5CtQA
2026-01-20 14:59:37.204 [DEBUG] [HTTP_REQUEST]   Connection: close
2026-01-20 14:59:37.213 [INFO] [HTTP_RESPONSE] Response status: 400
2026-01-20 14:59:37.213 [DEBUG] [HTTP_RESPONSE] Response headers:
2026-01-20 14:59:37.213 [DEBUG] [HTTP_RESPONSE]   Access-Control-Allow-Headers: Content-Type, Authorization, enctype
2026-01-20 14:59:37.213 [DEBUG] [HTTP_RESPONSE]   Access-Control-Allow-Methods: GET, POST, PUT, DELETE, OPTIONS
2026-01-20 14:59:37.213 [DEBUG] [HTTP_RESPONSE]   Access-Control-Allow-Origin: *
2026-01-20 14:59:37.213 [DEBUG] [HTTP_RESPONSE]   Connection: close
2026-01-20 14:59:37.213 [DEBUG] [HTTP_RESPONSE]   Content-Length: 71
2026-01-20 14:59:37.213 [DEBUG] [HTTP_RESPONSE]   Content-Type: application/json
2026-01-20 14:59:37.213 [DEBUG] [HTTP_RESPONSE]   Date: Tue, 20 Jan 2026 15:59:37 GMT
2026-01-20 14:59:37.213 [DEBUG] [HTTP_RESPONSE]   Vary: Authorization
2026-01-20 14:59:37.213 [DEBUG] [HTTP_RESPONSE] Response body (71 bytes)
2026-01-20 14:59:37.213 [DEBUG] [HTTP_RESPONSE] Response body: {"error":{"code":"GeneralError","message":"no such table: $metadata"}}

2026-01-20 14:59:37.213 [DEBUG] [CHARSET_CONVERTER] No charset specified, defaulting to UTF-8 converter
2026-01-20 14:59:37.213 [DEBUG] [CHARSET_CONVERTER] Creating charset converter for content type: application/json
2026-01-20 14:59:37.213 [DEBUG] [CHARSET_CONVERTER] Charset converter initialized with charset: utf-8
2026-01-20 14:59:37.213 [DEBUG] [CHARSET_CONVERTER] Converting 71 bytes using charset: utf-8
2026-01-20 14:59:37.213 [DEBUG] [CHARSET_CONVERTER] Converting from bytes using charset: utf-8
2026-01-20 14:59:37.213 [DEBUG] [CHARSET_CONVERTER] Using default UTF-8 conversion
2026-01-20 14:59:37.213 [DEBUG] [CHARSET_CONVERTER] Using UTF-8 converter for output
2026-01-20 14:59:37.213 [WARN] [ODATA_CLIENT] OData Metadata HTTP Error Response (attempt 1):
  Status Code: 400
  Content Type: application/json
  Response Headers:
    Vary: Authorization
    Content-Length: 71
    Content-Type: application/json
    Connection: close
    Date: Tue, 20 Jan 2026 15:59:37 GMT
    Access-Control-Allow-Origin: *
    Access-Control-Allow-Methods: GET, POST, PUT, DELETE, OPTIONS
    Access-Control-Allow-Headers: Content-Type, Authorization, enctype
  Response Body (first 4000 chars): {"error":{"code":"GeneralError","message":"no such table: $metadata"}}

2026-01-20 14:59:37.214 [DEBUG] [ODATA_CLIENT] Retrying metadata request with popped URL: http://localhost:4444/odata/ADMIN?$format=json
2026-01-20 14:59:37.214 [DEBUG] [ODATA_CLIENT] Metadata request attempt 2 of 3
2026-01-20 14:59:37.214 [INFO] [HTTP_REQUEST_REPRO] Reproduce with: SELECT * FROM http_get('http://localhost:4444/odata/ADMIN/$metadata', headers := MAP{'Accept': 'application/xml', 'Authorization': 'Bearer eyJhbGciOiJIUzI1NiJ9.eyJpc3MiOiJodHRwOi8vbG9jYWxob3N0OjQ0NDQiLCJzdWIiOiJ7XCJhY3RpdmVcIjp0cnVlLFwiZXhjbHVkZWRcIjpmYWxzZSxcImZpcnN0X25hbWVcIjpcIlN1cGVyXCIsXCJsYW5nX2lkXCI6MSxcImxhc3RfbmFtZVwiOlwiQWRtaW5cIixcInJvbGVfaWRcIjoxLFwidXNlcl9pZFwiOjEsXCJ1c2VybmFtZVwiOlwicm9vdFwifSIsImF1ZCI6WyJodHRwOi8vbG9jYWxob3N0OjQ0NDQiXSwiZXhwIjoxNzc0MDg0NzU1LjgzMzE4OTcsIm5iZiI6MTc2ODkwMDc1NS44MzMxOTA3LCJpYXQiOjE3Njg5MDA3NTUuODMzMTkwMn0.nKV-u4pSDHrsDNaaPkCnfXSs8jOtofXSggQ-MS5CtQA', 'Connection': 'close'}, url_encode := false);
2026-01-20 14:59:37.214 [INFO] [HTTP_REQUEST] Executing GET request to: /odata/ADMIN/$metadata
2026-01-20 14:59:37.214 [DEBUG] [HTTP_REQUEST] Request headers:
2026-01-20 14:59:37.214 [DEBUG] [HTTP_REQUEST]   Accept: application/xml
2026-01-20 14:59:37.214 [DEBUG] [HTTP_REQUEST]   Authorization: Bearer eyJhbGciOiJIUzI1NiJ9.eyJpc3MiOiJodHRwOi8vbG9jYWxob3N0OjQ0NDQiLCJzdWIiOiJ7XCJhY3RpdmVcIjp0cnVlLFwiZXhjbHVkZWRcIjpmYWxzZSxcImZpcnN0X25hbWVcIjpcIlN1cGVyXCIsXCJsYW5nX2lkXCI6MSxcImxhc3RfbmFtZVwiOlwiQWRtaW5cIixcInJvbGVfaWRcIjoxLFwidXNlcl9pZFwiOjEsXCJ1c2VybmFtZVwiOlwicm9vdFwifSIsImF1ZCI6WyJodHRwOi8vbG9jYWxob3N0OjQ0NDQiXSwiZXhwIjoxNzc0MDg0NzU1LjgzMzE4OTcsIm5iZiI6MTc2ODkwMDc1NS44MzMxOTA3LCJpYXQiOjE3Njg5MDA3NTUuODMzMTkwMn0.nKV-u4pSDHrsDNaaPkCnfXSs8jOtofXSggQ-MS5CtQA
2026-01-20 14:59:37.214 [DEBUG] [HTTP_REQUEST]   Connection: close
2026-01-20 14:59:37.221 [INFO] [HTTP_RESPONSE] Response status: 400
2026-01-20 14:59:37.221 [DEBUG] [HTTP_RESPONSE] Response headers:
2026-01-20 14:59:37.221 [DEBUG] [HTTP_RESPONSE]   Access-Control-Allow-Headers: Content-Type, Authorization, enctype
2026-01-20 14:59:37.221 [DEBUG] [HTTP_RESPONSE]   Access-Control-Allow-Methods: GET, POST, PUT, DELETE, OPTIONS
2026-01-20 14:59:37.221 [DEBUG] [HTTP_RESPONSE]   Access-Control-Allow-Origin: *
2026-01-20 14:59:37.221 [DEBUG] [HTTP_RESPONSE]   Connection: close
2026-01-20 14:59:37.221 [DEBUG] [HTTP_RESPONSE]   Content-Length: 71
2026-01-20 14:59:37.221 [DEBUG] [HTTP_RESPONSE]   Content-Type: application/json
2026-01-20 14:59:37.221 [DEBUG] [HTTP_RESPONSE]   Date: Tue, 20 Jan 2026 15:59:37 GMT
2026-01-20 14:59:37.221 [DEBUG] [HTTP_RESPONSE]   Vary: Authorization
2026-01-20 14:59:37.221 [DEBUG] [HTTP_RESPONSE] Response body (71 bytes)
2026-01-20 14:59:37.221 [DEBUG] [HTTP_RESPONSE] Response body: {"error":{"code":"GeneralError","message":"no such table: $metadata"}}

2026-01-20 14:59:37.221 [DEBUG] [CHARSET_CONVERTER] No charset specified, defaulting to UTF-8 converter
2026-01-20 14:59:37.221 [DEBUG] [CHARSET_CONVERTER] Creating charset converter for content type: application/json
2026-01-20 14:59:37.221 [DEBUG] [CHARSET_CONVERTER] Charset converter initialized with charset: utf-8
2026-01-20 14:59:37.221 [DEBUG] [CHARSET_CONVERTER] Converting 71 bytes using charset: utf-8
2026-01-20 14:59:37.221 [DEBUG] [CHARSET_CONVERTER] Converting from bytes using charset: utf-8
2026-01-20 14:59:37.221 [DEBUG] [CHARSET_CONVERTER] Using default UTF-8 conversion
2026-01-20 14:59:37.221 [DEBUG] [CHARSET_CONVERTER] Using UTF-8 converter for output
2026-01-20 14:59:37.221 [WARN] [ODATA_CLIENT] OData Metadata HTTP Error Response (attempt 2):
  Status Code: 400
  Content Type: application/json
  Response Headers:
    Vary: Authorization
    Content-Length: 71
    Content-Type: application/json
    Connection: close
    Date: Tue, 20 Jan 2026 15:59:37 GMT
    Access-Control-Allow-Origin: *
    Access-Control-Allow-Methods: GET, POST, PUT, DELETE, OPTIONS
    Access-Control-Allow-Headers: Content-Type, Authorization, enctype
  Response Body (first 4000 chars): {"error":{"code":"GeneralError","message":"no such table: $metadata"}}

2026-01-20 14:59:37.221 [DEBUG] [ODATA_CLIENT] Retrying metadata request with popped URL: http://localhost:4444/odata?$format=json
2026-01-20 14:59:37.221 [DEBUG] [ODATA_CLIENT] Metadata request attempt 3 of 3
2026-01-20 14:59:37.221 [INFO] [HTTP_REQUEST_REPRO] Reproduce with: SELECT * FROM http_get('http://localhost:4444/odata/ADMIN/$metadata', headers := MAP{'Accept': 'application/xml', 'Authorization': 'Bearer eyJhbGciOiJIUzI1NiJ9.eyJpc3MiOiJodHRwOi8vbG9jYWxob3N0OjQ0NDQiLCJzdWIiOiJ7XCJhY3RpdmVcIjp0cnVlLFwiZXhjbHVkZWRcIjpmYWxzZSxcImZpcnN0X25hbWVcIjpcIlN1cGVyXCIsXCJsYW5nX2lkXCI6MSxcImxhc3RfbmFtZVwiOlwiQWRtaW5cIixcInJvbGVfaWRcIjoxLFwidXNlcl9pZFwiOjEsXCJ1c2VybmFtZVwiOlwicm9vdFwifSIsImF1ZCI6WyJodHRwOi8vbG9jYWxob3N0OjQ0NDQiXSwiZXhwIjoxNzc0MDg0NzU1LjgzMzE4OTcsIm5iZiI6MTc2ODkwMDc1NS44MzMxOTA3LCJpYXQiOjE3Njg5MDA3NTUuODMzMTkwMn0.nKV-u4pSDHrsDNaaPkCnfXSs8jOtofXSggQ-MS5CtQA', 'Connection': 'close'}, url_encode := false);
2026-01-20 14:59:37.221 [INFO] [HTTP_REQUEST] Executing GET request to: /odata/ADMIN/$metadata
2026-01-20 14:59:37.221 [DEBUG] [HTTP_REQUEST] Request headers:
2026-01-20 14:59:37.221 [DEBUG] [HTTP_REQUEST]   Accept: application/xml
2026-01-20 14:59:37.221 [DEBUG] [HTTP_REQUEST]   Authorization: Bearer eyJhbGciOiJIUzI1NiJ9.eyJpc3MiOiJodHRwOi8vbG9jYWxob3N0OjQ0NDQiLCJzdWIiOiJ7XCJhY3RpdmVcIjp0cnVlLFwiZXhjbHVkZWRcIjpmYWxzZSxcImZpcnN0X25hbWVcIjpcIlN1cGVyXCIsXCJsYW5nX2lkXCI6MSxcImxhc3RfbmFtZVwiOlwiQWRtaW5cIixcInJvbGVfaWRcIjoxLFwidXNlcl9pZFwiOjEsXCJ1c2VybmFtZVwiOlwicm9vdFwifSIsImF1ZCI6WyJodHRwOi8vbG9jYWxob3N0OjQ0NDQiXSwiZXhwIjoxNzc0MDg0NzU1LjgzMzE4OTcsIm5iZiI6MTc2ODkwMDc1NS44MzMxOTA3LCJpYXQiOjE3Njg5MDA3NTUuODMzMTkwMn0.nKV-u4pSDHrsDNaaPkCnfXSs8jOtofXSggQ-MS5CtQA
2026-01-20 14:59:37.221 [DEBUG] [HTTP_REQUEST]   Connection: close
2026-01-20 14:59:37.230 [INFO] [HTTP_RESPONSE] Response status: 400
2026-01-20 14:59:37.230 [DEBUG] [HTTP_RESPONSE] Response headers:
2026-01-20 14:59:37.230 [DEBUG] [HTTP_RESPONSE]   Access-Control-Allow-Headers: Content-Type, Authorization, enctype
2026-01-20 14:59:37.230 [DEBUG] [HTTP_RESPONSE]   Access-Control-Allow-Methods: GET, POST, PUT, DELETE, OPTIONS
2026-01-20 14:59:37.230 [DEBUG] [HTTP_RESPONSE]   Access-Control-Allow-Origin: *
2026-01-20 14:59:37.230 [DEBUG] [HTTP_RESPONSE]   Connection: close
2026-01-20 14:59:37.230 [DEBUG] [HTTP_RESPONSE]   Content-Length: 71
2026-01-20 14:59:37.230 [DEBUG] [HTTP_RESPONSE]   Content-Type: application/json
2026-01-20 14:59:37.230 [DEBUG] [HTTP_RESPONSE]   Date: Tue, 20 Jan 2026 15:59:37 GMT
2026-01-20 14:59:37.230 [DEBUG] [HTTP_RESPONSE]   Vary: Authorization
2026-01-20 14:59:37.230 [DEBUG] [HTTP_RESPONSE] Response body (71 bytes)
2026-01-20 14:59:37.230 [DEBUG] [HTTP_RESPONSE] Response body: {"error":{"code":"GeneralError","message":"no such table: $metadata"}}

2026-01-20 14:59:37.230 [DEBUG] [CHARSET_CONVERTER] No charset specified, defaulting to UTF-8 converter
2026-01-20 14:59:37.230 [DEBUG] [CHARSET_CONVERTER] Creating charset converter for content type: application/json
2026-01-20 14:59:37.230 [DEBUG] [CHARSET_CONVERTER] Charset converter initialized with charset: utf-8
2026-01-20 14:59:37.230 [DEBUG] [CHARSET_CONVERTER] Converting 71 bytes using charset: utf-8
2026-01-20 14:59:37.230 [DEBUG] [CHARSET_CONVERTER] Converting from bytes using charset: utf-8
2026-01-20 14:59:37.230 [DEBUG] [CHARSET_CONVERTER] Using default UTF-8 conversion
2026-01-20 14:59:37.230 [DEBUG] [CHARSET_CONVERTER] Using UTF-8 converter for output
2026-01-20 14:59:37.230 [WARN] [ODATA_CLIENT] OData Metadata HTTP Error Response (attempt 3):
  Status Code: 400
  Content Type: application/json
  Response Headers:
    Vary: Authorization
    Content-Length: 71
    Content-Type: application/json
    Connection: close
    Date: Tue, 20 Jan 2026 15:59:37 GMT
    Access-Control-Allow-Origin: *
    Access-Control-Allow-Methods: GET, POST, PUT, DELETE, OPTIONS
    Access-Control-Allow-Headers: Content-Type, Authorization, enctype
  Response Body (first 4000 chars): {"error":{"code":"GeneralError","message":"no such table: $metadata"}}

2026-01-20 14:59:37.230 [DEBUG] [ODATA_CLIENT] Retrying metadata request with popped URL: http://localhost:4444/?$format=json
2026-01-20 14:59:37.230 [DEBUG] [CHARSET_CONVERTER] No charset specified, defaulting to UTF-8 converter
2026-01-20 14:59:37.230 [DEBUG] [CHARSET_CONVERTER] Creating charset converter for content type: application/json
2026-01-20 14:59:37.230 [DEBUG] [CHARSET_CONVERTER] Charset converter initialized with charset: utf-8
2026-01-20 14:59:37.230 [DEBUG] [CHARSET_CONVERTER] Converting 71 bytes using charset: utf-8
2026-01-20 14:59:37.230 [DEBUG] [CHARSET_CONVERTER] Converting from bytes using charset: utf-8
2026-01-20 14:59:37.230 [DEBUG] [CHARSET_CONVERTER] Using default UTF-8 conversion
2026-01-20 14:59:37.230 [DEBUG] [CHARSET_CONVERTER] Using UTF-8 converter for output
2026-01-20 14:59:37.230 [ERROR] [ODATA_CLIENT] All metadata request attempts failed. Final attempt details:
  Final URL: http://localhost:4444/odata/ADMIN/$metadata
  Final Status Code: 400
  Final Content Type: application/json
  Final Response Body (first 4000 chars): {"error":{"code":"GeneralError","message":"no such table: $metadata"}}

2026-01-20 14:59:37.230 [DEBUG] [CHARSET_CONVERTER] No charset specified, defaulting to UTF-8 converter
2026-01-20 14:59:37.230 [DEBUG] [CHARSET_CONVERTER] Creating charset converter for content type: application/json
2026-01-20 14:59:37.230 [DEBUG] [CHARSET_CONVERTER] Charset converter initialized with charset: utf-8
2026-01-20 14:59:37.230 [DEBUG] [CHARSET_CONVERTER] Converting 71 bytes using charset: utf-8
2026-01-20 14:59:37.230 [DEBUG] [CHARSET_CONVERTER] Converting from bytes using charset: utf-8
2026-01-20 14:59:37.230 [DEBUG] [CHARSET_CONVERTER] Using default UTF-8 conversion
2026-01-20 14:59:37.230 [DEBUG] [CHARSET_CONVERTER] Using UTF-8 converter for output
2026-01-20 15:47:27.910 [DEBUG] [HTTP_AUTH] Found http_bearer secret for URL: http://localhost:4444/odata/ADMIN/app
2026-01-20 15:47:27.910 [INFO] [ODATA_BIND] Binding OData read function for URL: http://localhost:4444/odata/ADMIN/app
2026-01-20 15:47:27.910 [DEBUG] [ODATA_FACTORY] Probing URL: http://localhost:4444/odata/ADMIN/app
2026-01-20 15:47:27.910 [INFO] [HTTP_REQUEST_REPRO] Reproduce with: SELECT * FROM http_get('http://localhost:4444/odata/ADMIN/app?$format=json', headers := MAP{'Authorization': 'Bearer eyJhbGciOiJIUzI1NiJ9.eyJpc3MiOiJodHRwOi8vbG9jYWxob3N0OjQ0NDQiLCJzdWIiOiJ7XCJhY3RpdmVcIjp0cnVlLFwiZXhjbHVkZWRcIjpmYWxzZSxcImZpcnN0X25hbWVcIjpcIlN1cGVyXCIsXCJsYW5nX2lkXCI6MSxcImxhc3RfbmFtZVwiOlwiQWRtaW5cIixcInJvbGVfaWRcIjoxLFwidXNlcl9pZFwiOjEsXCJ1c2VybmFtZVwiOlwicm9vdFwifSIsImF1ZCI6WyJodHRwOi8vbG9jYWxob3N0OjQ0NDQiXSwiZXhwIjoxNzc0MDg0NzU1LjgzMzE4OTcsIm5iZiI6MTc2ODkwMDc1NS44MzMxOTA3LCJpYXQiOjE3Njg5MDA3NTUuODMzMTkwMn0.nKV-u4pSDHrsDNaaPkCnfXSs8jOtofXSggQ-MS5CtQA'}, url_encode := false);
2026-01-20 15:47:27.910 [INFO] [HTTP_REQUEST] Executing GET request to: /odata/ADMIN/app?$format=json
2026-01-20 15:47:27.910 [DEBUG] [HTTP_REQUEST] Request headers:
2026-01-20 15:47:27.910 [DEBUG] [HTTP_REQUEST]   Authorization: Bearer eyJhbGciOiJIUzI1NiJ9.eyJpc3MiOiJodHRwOi8vbG9jYWxob3N0OjQ0NDQiLCJzdWIiOiJ7XCJhY3RpdmVcIjp0cnVlLFwiZXhjbHVkZWRcIjpmYWxzZSxcImZpcnN0X25hbWVcIjpcIlN1cGVyXCIsXCJsYW5nX2lkXCI6MSxcImxhc3RfbmFtZVwiOlwiQWRtaW5cIixcInJvbGVfaWRcIjoxLFwidXNlcl9pZFwiOjEsXCJ1c2VybmFtZVwiOlwicm9vdFwifSIsImF1ZCI6WyJodHRwOi8vbG9jYWxob3N0OjQ0NDQiXSwiZXhwIjoxNzc0MDg0NzU1LjgzMzE4OTcsIm5iZiI6MTc2ODkwMDc1NS44MzMxOTA3LCJpYXQiOjE3Njg5MDA3NTUuODMzMTkwMn0.nKV-u4pSDHrsDNaaPkCnfXSs8jOtofXSggQ-MS5CtQA
2026-01-20 15:47:27.929 [INFO] [HTTP_RESPONSE] Response status: 200
2026-01-20 15:47:27.929 [DEBUG] [HTTP_RESPONSE] Response headers:
2026-01-20 15:47:27.929 [DEBUG] [HTTP_RESPONSE]   Access-Control-Allow-Headers: Content-Type, Authorization, enctype
2026-01-20 15:47:27.929 [DEBUG] [HTTP_RESPONSE]   Access-Control-Allow-Methods: GET, POST, PUT, DELETE, OPTIONS
2026-01-20 15:47:27.929 [DEBUG] [HTTP_RESPONSE]   Access-Control-Allow-Origin: *
2026-01-20 15:47:27.929 [DEBUG] [HTTP_RESPONSE]   Content-Length: 868
2026-01-20 15:47:27.929 [DEBUG] [HTTP_RESPONSE]   Content-Type: application/json
2026-01-20 15:47:27.929 [DEBUG] [HTTP_RESPONSE]   Date: Tue, 20 Jan 2026 16:47:27 GMT
2026-01-20 15:47:27.929 [DEBUG] [HTTP_RESPONSE]   Vary: Authorization
2026-01-20 15:47:27.929 [DEBUG] [HTTP_RESPONSE] Response body (868 bytes)
2026-01-20 15:47:27.929 [DEBUG] [HTTP_RESPONSE] Response body: {"@odata.context":"http://localhost:4444/odata/ADMIN/app","@odata.count":3,"value":[{"app":"ADMIN","app_desc":"Admin","app_id":1,"attach_logo":null,"config":"{}","created_at":"2025-11-05T18:55:00.130747Z","db":"ADMIN","email":null,"excluded":false,"updated_at":"2025-11-05T18:55:00.130747Z","user_id":1,"username":"root","version":"1.0.0"},{"app":"ETLX","app_desc":"ETLX UI in CS","app_id":2,"attach_logo":null,"config":null,"created_at":"2025-11-05T19:01:54.055156Z","db":"ETLX","email":null,"excluded":false,"updated_at":"2025-11-05T19:01:54.055156Z","user_id":1,"username":"root","version":"1.0.0"},{"app":"SAAS","app_desc":"CS SASS Backend","app_id":3,"attach_logo":null,"config":null,"created_at":"2026-01-10T18:53:52.783348Z","db":"SAAS","email":null,"excluded":false,"updated_at":"2026-01-10T18:53:52.783348Z","user_id":1,"username":"root","version":"1.0.0"}]}

2026-01-20 15:47:27.929 [DEBUG] [CHARSET_CONVERTER] No charset specified, defaulting to UTF-8 converter
2026-01-20 15:47:27.929 [DEBUG] [CHARSET_CONVERTER] Creating charset converter for content type: application/json
2026-01-20 15:47:27.929 [DEBUG] [CHARSET_CONVERTER] Charset converter initialized with charset: utf-8
2026-01-20 15:47:27.929 [DEBUG] [CHARSET_CONVERTER] Converting 868 bytes using charset: utf-8
2026-01-20 15:47:27.929 [DEBUG] [CHARSET_CONVERTER] Converting from bytes using charset: utf-8
2026-01-20 15:47:27.929 [DEBUG] [CHARSET_CONVERTER] Using default UTF-8 conversion
2026-01-20 15:47:27.929 [DEBUG] [CHARSET_CONVERTER] Using UTF-8 converter for output
2026-01-20 15:47:27.929 [DEBUG] [DETECT_VERSION] Starting OData version detection
2026-01-20 15:47:27.930 [DEBUG] [DETECT_VERSION] Found 'value' array, detecting as V4
2026-01-20 15:47:27.930 [INFO] [ODATA_FACTORY] Probe result - Version: 2, IsServiceRoot: false
2026-01-20 15:47:27.930 [INFO] [ODATA_FACTORY] Content preview: {"@odata.context":"http://localhost:4444/odata/ADMIN/app","@odata.count":3,"value":[{"app":"ADMIN","app_desc":"Admin","app_id":1,"attach_logo":null,"config":"{}","created_at":"2025-11-05T18:55:00.1307...
2026-01-20 15:47:27.930 [INFO] [ODATA_READ_BIND] Creating bind data from probe result - is_service_root: false
2026-01-20 15:47:27.930 [INFO] [ODATA_READ_BIND] Taking entity set path
2026-01-20 15:47:27.930 [DEBUG] [ODATA_FACTORY] Creating ODataEntitySetClient
2026-01-20 15:47:27.930 [DEBUG] [ODATA_READ_BIND] Creating bind data from entity set client
2026-01-20 15:47:27.930 [DEBUG] [ODATA_READ_BIND] Parsing OData v4 response format
2026-01-20 15:47:27.930 [DEBUG] [ODATA_READ_BIND] Found 'value' array in OData v4 response
2026-01-20 15:47:27.930 [DEBUG] [ODATA_READ_BIND] Found first row object in OData v4 response
2026-01-20 15:47:27.930 [WARN] [ODATA_READ_BIND] Could not find 'd' object in OData v2 response
2026-01-20 15:47:27.930 [DEBUG] [ODATA_READ_BIND] Stored 0 extracted column names
2026-01-20 15:47:27.930 [INFO] [ODATA_READ_BIND] GetResultNames called - service_root_mode: false
2026-01-20 15:47:27.930 [INFO] [ODATA_READ_BIND] Calling odata_client->GetResultNames() for metadata
2026-01-20 15:47:27.930 [INFO] [ODATA_CLIENT] Resolved metadata URL: http://localhost:4444/odata/ADMIN/$metadata
2026-01-20 15:47:27.930 [DEBUG] [ODATA_CLIENT] OData Metadata HTTP Request:
  URL: http://localhost:4444/odata/ADMIN/$metadata
  Method: GET
  Headers:
    Connection: close
    Authorization: Bearer eyJhbGciOiJIUzI1NiJ9.eyJpc3MiOiJodHRwOi8vbG9jYWxob3N0OjQ0NDQiLCJzdWIiOiJ7XCJhY3RpdmVcIjp0cnVlLFwiZXhjbHVkZWRcIjpmYWxzZSxcImZpcnN0X25hbWVcIjpcIlN1cGVyXCIsXCJsYW5nX2lkXCI6MSxcImxhc3RfbmFtZVwiOlwiQWRtaW5cIixcInJvbGVfaWRcIjoxLFwidXNlcl9pZFwiOjEsXCJ1c2VybmFtZVwiOlwicm9vdFwifSIsImF1ZCI6WyJodHRwOi8vbG9jYWxob3N0OjQ0NDQiXSwiZXhwIjoxNzc0MDg0NzU1LjgzMzE4OTcsIm5iZiI6MTc2ODkwMDc1NS44MzMxOTA3LCJpYXQiOjE3Njg5MDA3NTUuODMzMTkwMn0.nKV-u4pSDHrsDNaaPkCnfXSs8jOtofXSggQ-MS5CtQA
    Accept: application/xml
2026-01-20 15:47:27.930 [DEBUG] [ODATA_CLIENT] Metadata request attempt 1 of 3
2026-01-20 15:47:27.930 [INFO] [HTTP_REQUEST_REPRO] Reproduce with: SELECT * FROM http_get('http://localhost:4444/odata/ADMIN/$metadata', headers := MAP{'Accept': 'application/xml', 'Authorization': 'Bearer eyJhbGciOiJIUzI1NiJ9.eyJpc3MiOiJodHRwOi8vbG9jYWxob3N0OjQ0NDQiLCJzdWIiOiJ7XCJhY3RpdmVcIjp0cnVlLFwiZXhjbHVkZWRcIjpmYWxzZSxcImZpcnN0X25hbWVcIjpcIlN1cGVyXCIsXCJsYW5nX2lkXCI6MSxcImxhc3RfbmFtZVwiOlwiQWRtaW5cIixcInJvbGVfaWRcIjoxLFwidXNlcl9pZFwiOjEsXCJ1c2VybmFtZVwiOlwicm9vdFwifSIsImF1ZCI6WyJodHRwOi8vbG9jYWxob3N0OjQ0NDQiXSwiZXhwIjoxNzc0MDg0NzU1LjgzMzE4OTcsIm5iZiI6MTc2ODkwMDc1NS44MzMxOTA3LCJpYXQiOjE3Njg5MDA3NTUuODMzMTkwMn0.nKV-u4pSDHrsDNaaPkCnfXSs8jOtofXSggQ-MS5CtQA', 'Connection': 'close'}, url_encode := false);
2026-01-20 15:47:27.930 [INFO] [HTTP_REQUEST] Executing GET request to: /odata/ADMIN/$metadata
2026-01-20 15:47:27.930 [DEBUG] [HTTP_REQUEST] Request headers:
2026-01-20 15:47:27.930 [DEBUG] [HTTP_REQUEST]   Accept: application/xml
2026-01-20 15:47:27.930 [DEBUG] [HTTP_REQUEST]   Authorization: Bearer eyJhbGciOiJIUzI1NiJ9.eyJpc3MiOiJodHRwOi8vbG9jYWxob3N0OjQ0NDQiLCJzdWIiOiJ7XCJhY3RpdmVcIjp0cnVlLFwiZXhjbHVkZWRcIjpmYWxzZSxcImZpcnN0X25hbWVcIjpcIlN1cGVyXCIsXCJsYW5nX2lkXCI6MSxcImxhc3RfbmFtZVwiOlwiQWRtaW5cIixcInJvbGVfaWRcIjoxLFwidXNlcl9pZFwiOjEsXCJ1c2VybmFtZVwiOlwicm9vdFwifSIsImF1ZCI6WyJodHRwOi8vbG9jYWxob3N0OjQ0NDQiXSwiZXhwIjoxNzc0MDg0NzU1LjgzMzE4OTcsIm5iZiI6MTc2ODkwMDc1NS44MzMxOTA3LCJpYXQiOjE3Njg5MDA3NTUuODMzMTkwMn0.nKV-u4pSDHrsDNaaPkCnfXSs8jOtofXSggQ-MS5CtQA
2026-01-20 15:47:27.930 [DEBUG] [HTTP_REQUEST]   Connection: close
2026-01-20 15:47:27.962 [INFO] [HTTP_RESPONSE] Response status: 200
2026-01-20 15:47:27.962 [DEBUG] [HTTP_RESPONSE] Response headers:
2026-01-20 15:47:27.962 [DEBUG] [HTTP_RESPONSE]   Access-Control-Allow-Headers: Content-Type, Authorization, enctype
2026-01-20 15:47:27.962 [DEBUG] [HTTP_RESPONSE]   Access-Control-Allow-Methods: GET, POST, PUT, DELETE, OPTIONS
2026-01-20 15:47:27.962 [DEBUG] [HTTP_RESPONSE]   Access-Control-Allow-Origin: *
2026-01-20 15:47:27.962 [DEBUG] [HTTP_RESPONSE]   Connection: close
2026-01-20 15:47:27.962 [DEBUG] [HTTP_RESPONSE]   Content-Type: application/xml
2026-01-20 15:47:27.962 [DEBUG] [HTTP_RESPONSE]   Date: Tue, 20 Jan 2026 16:47:27 GMT
2026-01-20 15:47:27.962 [DEBUG] [HTTP_RESPONSE]   Transfer-Encoding: chunked
2026-01-20 15:47:27.962 [DEBUG] [HTTP_RESPONSE]   Vary: Authorization
2026-01-20 15:47:27.962 [DEBUG] [HTTP_RESPONSE] Response body (54566 bytes)
2026-01-20 15:47:27.962 [DEBUG] [HTTP_RESPONSE] Response body (truncated): <?xml version="1.0" encoding="utf-8"?>
<edmx:Edmx Version="4.0"
 xmlns:edmx="http://docs.oasis-open.org/odata/ns/edmx"
 xmlns="http://docs.oasis-open.org/odata/ns/edm">
 <edmx:DataServices><Schema Namespace="ADMIN"><EntityType Name="tenant"><Property Name="tenant_id" Type="Edm.Int32" Nullable="false"/><Property Name="name" Type="Edm.String" Nullable="false"/><Property Name="email" Type="Edm.String" Nullable="false"/><Property Name="password" Type="Edm.String" Nullable="false"/><Property Name="phone" Type="Edm.String" Nullable="false"/><Property Name="address" Type="Edm.String" Nullable="false"/><Property Name="currency_id" Type="Edm.Int32" Nullable="false"/><Property Name="active" Type="Edm.Boolean" Nullable="false"/><Property Name="user_id" Type="Edm.Int32" Nullable="false"/><Property Name="app_id" Type="Edm.Int32" Nullable="false"/><Property Name="created_at" Type="Edm.DateTimeOffset" Nullable="false"/><Property Name="updated_at" Type="Edm.DateTimeOffset" Nullable="false"/><Property ...
2026-01-20 15:47:27.962 [DEBUG] [CHARSET_CONVERTER] No charset specified, defaulting to UTF-8 converter
2026-01-20 15:47:27.962 [DEBUG] [CHARSET_CONVERTER] Creating charset converter for content type: application/xml
2026-01-20 15:47:27.962 [DEBUG] [CHARSET_CONVERTER] Charset converter initialized with charset: utf-8
2026-01-20 15:47:27.962 [DEBUG] [CHARSET_CONVERTER] Converting 54566 bytes using charset: utf-8
2026-01-20 15:47:27.962 [DEBUG] [CHARSET_CONVERTER] Converting from bytes using charset: utf-8
2026-01-20 15:47:27.962 [DEBUG] [CHARSET_CONVERTER] Using default UTF-8 conversion
2026-01-20 15:47:27.963 [DEBUG] [CHARSET_CONVERTER] Using UTF-8 converter for output
2026-01-20 15:47:27.963 [DEBUG] [CHARSET_CONVERTER] No charset specified, defaulting to UTF-8 converter
2026-01-20 15:47:27.963 [DEBUG] [CHARSET_CONVERTER] Creating charset converter for content type: application/xml
2026-01-20 15:47:27.963 [DEBUG] [CHARSET_CONVERTER] Charset converter initialized with charset: utf-8
2026-01-20 15:47:27.963 [DEBUG] [CHARSET_CONVERTER] Converting 54566 bytes using charset: utf-8
2026-01-20 15:47:27.963 [DEBUG] [CHARSET_CONVERTER] Converting from bytes using charset: utf-8
2026-01-20 15:47:27.963 [DEBUG] [CHARSET_CONVERTER] Using default UTF-8 conversion
2026-01-20 15:47:27.964 [DEBUG] [CHARSET_CONVERTER] Using UTF-8 converter for output
2026-01-20 15:47:27.964 [DEBUG] [CHARSET_CONVERTER] No charset specified, defaulting to UTF-8 converter
2026-01-20 15:47:27.964 [DEBUG] [CHARSET_CONVERTER] Creating charset converter for content type: application/xml
2026-01-20 15:47:27.964 [DEBUG] [CHARSET_CONVERTER] Charset converter initialized with charset: utf-8
2026-01-20 15:47:27.964 [DEBUG] [CHARSET_CONVERTER] Converting 54566 bytes using charset: utf-8
2026-01-20 15:47:27.964 [DEBUG] [CHARSET_CONVERTER] Converting from bytes using charset: utf-8
2026-01-20 15:47:27.964 [DEBUG] [CHARSET_CONVERTER] Using default UTF-8 conversion
2026-01-20 15:47:27.965 [DEBUG] [CHARSET_CONVERTER] Using UTF-8 converter for output
2026-01-20 15:47:27.965 [DEBUG] [ODATA_CLIENT] OData Metadata HTTP Success Response:
  Status Code: 200
  Content Type: application/xml
  Response Headers:
    Vary: Authorization
    Transfer-Encoding: chunked
    Content-Type: application/xml
    Connection: close
    Date: Tue, 20 Jan 2026 16:47:27 GMT
    Access-Control-Allow-Origin: *
    Access-Control-Allow-Methods: GET, POST, PUT, DELETE, OPTIONS
    Access-Control-Allow-Headers: Content-Type, Authorization, enctype
  Response Body Size: 54566 bytes
  Response Body Preview (first 4000 chars): <?xml version="1.0" encoding="utf-8"?>
<edmx:Edmx Version="4.0"
 xmlns:edmx="http://docs.oasis-open.org/odata/ns/edmx"
 xmlns="http://docs.oasis-open.org/odata/ns/edm">
 <edmx:DataServices><Schema Namespace="ADMIN"><EntityType Name="tenant"><Property Name="tenant_id" Type="Edm.Int32" Nullable="false"/><Property Name="name" Type="Edm.String" Nullable="false"/><Property Name="email" Type="Edm.String" Nullable="false"/><Property Name="password" Type="Edm.String" Nullable="false"/><Property Name="phone" Type="Edm.String" Nullable="false"/><Property Name="address" Type="Edm.String" Nullable="false"/><Property Name="currency_id" Type="Edm.Int32" Nullable="false"/><Property Name="active" Type="Edm.Boolean" Nullable="false"/><Property Name="user_id" Type="Edm.Int32" Nullable="false"/><Property Name="app_id" Type="Edm.Int32" Nullable="false"/><Property Name="created_at" Type="Edm.DateTimeOffset" Nullable="false"/><Property Name="updated_at" Type="Edm.DateTimeOffset" Nullable="false"/><Property Name="excluded" Type="Edm.Boolean" Nullable="false"/></EntityType><EntityType Name="app"><Key><PropertyRef Name="app_id"/></Key><Property Name="app_id" Type="Edm.Int32" Nullable="false"/><Property Name="app" Type="Edm.String" Nullable="false"/><Property Name="app_desc" Type="Edm.String" Nullable="true"/><Property Name="version" Type="Edm.String" Nullable="false"/><Property Name="email" Type="Edm.String" Nullable="true"/><Property Name="db" Type="Edm.String" Nullable="false"/><Property Name="attach_logo" Type="Edm.String" Nullable="true"/><Property Name="config" Type="Edm.String" Nullable="true"/><Property Name="user_id" Type="Edm.Int32" Nullable="true"/><Property Name="created_at" Type="Edm.DateTimeOffset" Nullable="true"/><Property Name="updated_at" Type="Edm.DateTimeOffset" Nullable="true"/><Property Name="excluded" Type="Edm.Boolean" Nullable="true"/></EntityType><EntityType Name="etl_rb_output_field"><Key><PropertyRef Name="etl_rb_output_field_id"/></Key><Property Name="etl_rb_output_field_id" Type="Edm.Int32" Nullable="false"/><Property Name="etl_rb_output_field" Type="Edm.String" Nullable="false"/><Property Name="etl_rb_output_field_desc" Type="Edm.String" Nullable="true"/><Property Name="etl_rbase_output_id" Type="Edm.Int32" Nullable="false"/><Property Name="sql_select" Type="Edm.String" Nullable="false"/><Property Name="sql_from" Type="Edm.String" Nullable="true"/><Property Name="sql_join" Type="Edm.String" Nullable="true"/><Property Name="sql_where" Type="Edm.String" Nullable="true"/><Property Name="sql_group_by" Type="Edm.String" Nullable="true"/><Property Name="sql_order_by" Type="Edm.String" Nullable="true"/><Property Name="sql_window" Type="Edm.String" Nullable="true"/><Property Name="sql_having" Type="Edm.String" Nullable="true"/><Property Name="field_order" Type="Edm.Int32" Nullable="true"/><Property Name="fields_used" Type="Edm.String" Nullable="true"/><Property Name="etl_report_base_id" Type="Edm.Int32" Nullable="true"/><Property Name="active" Type="Edm.Boolean" Nullable="true"/><Property Name="user_id" Type="Edm.Int32" Nullable="true"/><Property Name="app_id" Type="Edm.Int32" Nullable="true"/><Property Name="created_at" Type="Edm.DateTimeOffset" Nullable="true"/><Property Name="updated_at" Type="Edm.DateTimeOffset" Nullable="true"/><Property Name="excluded" Type="Edm.Boolean" Nullable="true"/></EntityType><EntityType Name="etl_rbase_backup"><Key><PropertyRef Name="backup_id"/></Key><Property Name="backup_id" Type="Edm.Int32" Nullable="false"/><Property Name="backup" Type="Edm.String" Nullable="false"/><Property Name="backup_sql" Type="Edm.String" Nullable="true"/><Property Name="backup_copy_to" Type="Edm.Boolean" Nullable="true"/><Property Name="backup_copy_path" Type="Edm.String" Nullable="true"/><Property Name="backup_conf" Type="Edm.String" Nullable="true"/><Property Name="active" Type="Edm.Boolean" Nullable="true"/><Property Name="etl_report_base_id" Type="Edm.Int32" Nullable="true"/><Property Name="user_id" Type="Edm.Int32"
2026-01-20 15:47:27.965 [DEBUG] [CHARSET_CONVERTER] No charset specified, defaulting to UTF-8 converter
2026-01-20 15:47:27.965 [DEBUG] [CHARSET_CONVERTER] Creating charset converter for content type: application/xml
2026-01-20 15:47:27.965 [DEBUG] [CHARSET_CONVERTER] Charset converter initialized with charset: utf-8
2026-01-20 15:47:27.965 [DEBUG] [CHARSET_CONVERTER] Converting 54566 bytes using charset: utf-8
2026-01-20 15:47:27.965 [DEBUG] [CHARSET_CONVERTER] Converting from bytes using charset: utf-8
2026-01-20 15:47:27.965 [DEBUG] [CHARSET_CONVERTER] Using default UTF-8 conversion
2026-01-20 15:47:27.966 [DEBUG] [CHARSET_CONVERTER] Using UTF-8 converter for output
